// Jest Snapshot v1, https://goo.gl/fbAQLP

exports[`Editevents 1`] = `null`;
