// Jest Snapshot v1, https://goo.gl/fbAQLP

exports[`profile 1`] = `<profile />`;
